[32mRender Well[0m
[DIAG] seed=100012 evaluator loaded; next step loads checkpoint/model (1000.ckpt).
============= Config =============

[95mMessy Table:[0m False
[95mRandom Background:[0m False
[95mRandom Light:[0m False
[95mRandom Table Height:[0m 0
[95mRandom Head Camera Distance:[0m 0
[94mHead Camera Config:[0m D435, True
[94mWrist Camera Config:[0m D435, True
[94mEmbodiment Config:[0m aloha-agilex

==================================
[DIAG] intervention: n_action_steps=3; suppress duplicate boundary obs
[34mTask Name: place_empty_cup[0m
[34mPolicy Name: DP[0m
Warp DeprecationWarning: The symbol `warp.torch.device_from_torch` will soon be removed from the public API. Use `warp.device_from_torch` instead.
[DIAG] seed=100012 expert_success=True
step: [92m1 / 500[0m
[DIAG] seed=100012 action=1 set_calls L/R=0/40 real_motion L/R=2.89e-07/0.00537 rad success=False
step: [92m2 / 500[0m
step: [92m3 / 500[0m
step: [92m4 / 500[0m
step: [92m5 / 500[0m
[DIAG] seed=100012 policy_action=5 first_close=None
step: [92m6 / 500[0m
step: [92m7 / 500[0m
step: [92m8 / 500[0m
step: [92m9 / 500[0m
step: [92m10 / 500[0m
[DIAG] seed=100012 policy_action=10 first_close=None
step: [92m11 / 500[0m
step: [92m12 / 500[0m
step: [92m13 / 500[0m
step: [92m14 / 500[0m
step: [92m15 / 500[0m
[DIAG] seed=100012 policy_action=15 first_close=None
step: [92m16 / 500[0m
step: [92m17 / 500[0m
step: [92m18 / 500[0m
step: [92m19 / 500[0m
step: [92m20 / 500[0m
[DIAG] seed=100012 policy_action=20 first_close=None
step: [92m21 / 500[0m
step: [92m22 / 500[0m
step: [92m23 / 500[0m
step: [92m24 / 500[0m
step: [92m25 / 500[0m
[DIAG] seed=100012 policy_action=25 first_close=None
step: [92m26 / 500[0m
step: [92m27 / 500[0m
step: [92m28 / 500[0m
step: [92m29 / 500[0m
step: [92m30 / 500[0m
[DIAG] seed=100012 policy_action=30 first_close=None
step: [92m31 / 500[0m
step: [92m32 / 500[0m
step: [92m33 / 500[0m
step: [92m34 / 500[0m
step: [92m35 / 500[0m
[DIAG] seed=100012 policy_action=35 first_close=None
step: [92m36 / 500[0m
step: [92m37 / 500[0m
step: [92m38 / 500[0m
step: [92m39 / 500[0m
step: [92m40 / 500[0m
[DIAG] seed=100012 policy_action=40 first_close=None
step: [92m41 / 500[0m
step: [92m42 / 500[0m
step: [92m43 / 500[0m
step: [92m44 / 500[0m
step: [92m45 / 500[0m
[DIAG] seed=100012 policy_action=45 first_close=None
step: [92m46 / 500[0m
step: [92m47 / 500[0m
step: [92m48 / 500[0m
step: [92m49 / 500[0m
step: [92m50 / 500[0m
[DIAG] seed=100012 action=50 set_calls L/R=0/79 real_motion L/R=1.09e-09/0.0241 rad success=False
[DIAG] seed=100012 policy_action=50 first_close=None
step: [92m51 / 500[0m
step: [92m52 / 500[0m
step: [92m53 / 500[0m
step: [92m54 / 500[0m
step: [92m55 / 500[0m
[DIAG] seed=100012 policy_action=55 first_close=None
step: [92m56 / 500[0m
step: [92m57 / 500[0m
step: [92m58 / 500[0m
step: [92m59 / 500[0m
step: [92m60 / 500[0m
[DIAG] seed=100012 policy_action=60 first_close=None
step: [92m61 / 500[0m
step: [92m62 / 500[0m
step: [92m63 / 500[0m
step: [92m64 / 500[0m
step: [92m65 / 500[0m
[DIAG] seed=100012 policy_action=65 first_close=None
step: [92m66 / 500[0m
step: [92m67 / 500[0m
step: [92m68 / 500[0m
step: [92m69 / 500[0m
step: [92m70 / 500[0m
[DIAG] seed=100012 policy_action=70 first_close=None
step: [92m71 / 500[0m
step: [92m72 / 500[0m
step: [92m73 / 500[0m
step: [92m74 / 500[0m
step: [92m75 / 500[0m
[DIAG] seed=100012 policy_action=75 first_close=None
step: [92m76 / 500[0m
step: [92m77 / 500[0m
step: [92m78 / 500[0m
step: [92m79 / 500[0m
step: [92m80 / 500[0m
[DIAG] seed=100012 policy_action=80 first_close=None
step: [92m81 / 500[0m
step: [92m82 / 500[0m
step: [92m83 / 500[0m
step: [92m84 / 500[0m
step: [92m85 / 500[0m
[DIAG] seed=100012 first right-gripper close at action=85
[DIAG] seed=100012 policy_action=85 first_close=85
step: [92m86 / 500[0m
step: [92m87 / 500[0m
step: [92m88 / 500[0m
step: [92m89 / 500[0m
step: [92m90 / 500[0m
[DIAG] seed=100012 policy_action=90 first_close=85
step: [92m91 / 500[0m
step: [92m92 / 500[0m
step: [92m93 / 500[0m
step: [92m94 / 500[0m
step: [92m95 / 500[0m
[DIAG] seed=100012 policy_action=95 first_close=85
step: [92m96 / 500[0m
step: [92m97 / 500[0m
step: [92m98 / 500[0m
step: [92m99 / 500[0m
step: [92m100 / 500[0m
[DIAG] seed=100012 action=100 set_calls L/R=0/87 real_motion L/R=2.23e-09/0.0225 rad success=False
[DIAG] seed=100012 collected 15 actions after first right-gripper close; stopping.
[DIAG] STOP: 抓取诊断已采集到闭爪后窗口；这不是任务执行错误。
[DIAG] saved /home/dyl216/RoboTwin/diagnostics/dp_chunk3_closewindow_20260922_225108_082268/seed_100012/summary.json status=stopped_for_diagnostic_condition
